Live reload enabled.
⚡State "appStatus" => loading (by: App)
⚡State "config" => {"mode":"prod","dataPrefix":"defect-manager","them... (by: App.setDefaultStates)
⚡State "dataPrefix" => defect-manager (by: App.setDefaultStates)
⚡State "filters" => null (by: App.setDefaultStates)
⚡State "currentView" => null (by: App.setDefaultStates)
⚡State "dataStatus" => empty (by: App.setDefaultStates)
⚡State "statistics" => null (by: App.setDefaultStates)
⚡State "appStatus" => setupManagers (by: App.setDefaultStates)
⚡State "issues" => null (by: App.setDefaultStates)
⚡State "reportType" => null (by: App.setDefaultStates)
⚡State "uploadedFile" => null (by: App.setDefaultStates)
new (...) | type: string
[object Object]:
ConfigManager: Initializing with defaultConfig: 
ConfigManager.loadFromLocalStorage (...) | type: object
ConfigManager.loadFromLocalStorage:
Storage {defect-manager_data: '{"issues":[{"taskId":"ADIRINC-1925","c…stUpdated":"2024-12-10T19:16:21.308Z"}', config: '{"mode":"prod","dataPrefix":"defect-manager",…d":"2024-12-08T19:08:13.492Z","team":"all"}}', length: 2}
ConfigManager: Using loaded config
ConfigManager: Using loaded config
ConfigManager: Setting new config = {mode: 'prod', dataPrefix: 'defect-manager', theme: 'light', filters: {…}}
⚡State "mode" => prod (by: ConfigManager.setConfig)
⚡State "dataPrefix" => defect-manager (by: ConfigManager.setConfig)
⚡State "theme" => light (by: ConfigManager.setConfig)
⚡State "filters" => {"dateStart":"2021-01-01T00:00:00.000Z","dateEnd":... (by: ConfigManager.setConfig)
⚡State "clearLocalStorageData" => false (by: DataManager)
[DataManager] Data loaded from LocalStorage
⚡State "issues" => [{"taskId":"ADIRINC-1925","created":"2024-12-04T13... (by: DataManager)
⚡State "uploadedFile" => null (by: unknown)
⚡State "appStatus" => ready (by: App)
[DataManager] Data loaded from LocalStorage
Error setting state: TypeError: Cannot set properties of null (setting 'index')
    at StatisticManager.updateStatistics (C:\res\dev\research\defect-wind\src\scripts\core\statistic-manager.js:103:31)
    at C:\res\dev\research\defect-wind\src\scripts\core\statistic-manager.js:6:51
    at C:\res\dev\research\defect-wind\src\scripts\core\refact.js:79:39
    at Array.forEach (<anonymous>)
    at Refact.notify (C:\res\dev\research\defect-wind\src\scripts\core\refact.js:79:19)
    at Refact.setState (C:\res\dev\research\defect-wind\src\scripts\core\refact.js:55:22)
    at DataManager.setState (C:\res\dev\research\defect-wind\src\scripts\core\reactivity.js:21:21)
    at DataManager.loadFromLocalStorage (C:\res\dev\research\defect-wind\src\scripts\core\data-manager.js:104:14)
    at http://localhost:5500/src/scripts/core/app.js:6:39 {stack: 'TypeError: Cannot set properties of null (set…//localhost:5500/src/scripts/core/app.js:6:39', message: "Cannot set properties of null (setting 'index')"}
⚡State "appStatus" => loading (by: App)
⚡State "config" => {"mode":"prod","dataPrefix":"defect-manager","them... (by: App.setDefaultStates)
⚡State "dataPrefix" => defect-manager (by: App.setDefaultStates)
⚡State "filters" => null (by: App.setDefaultStates)
⚡State "currentView" => null (by: App.setDefaultStates)
⚡State "dataStatus" => empty (by: App.setDefaultStates)
⚡State "statistics" => null (by: App.setDefaultStates)
⚡State "appStatus" => setupManagers (by: App.setDefaultStates)
⚡State "issues" => null (by: App.setDefaultStates)
⚡State "reportType" => null (by: App.setDefaultStates)
⚡State "uploadedFile" => null (by: App.setDefaultStates)
new (...) | type: string
[object Object]:
ConfigManager: Initializing with defaultConfig: 
ConfigManager.loadFromLocalStorage (...) | type: object
ConfigManager.loadFromLocalStorage:
